// Jest Snapshot v1, https://goo.gl/fbAQLP

exports[`Create a snapshot test 1`] = `
<DocumentFragment>
  <div
    class="searchHeader"
  >
    <h1>
      Movies
    </h1>
    <input
      list="movieTitle"
      name="movieSearch"
      placeholder="Search"
      type="text"
    />
  </div>
</DocumentFragment>
`;
