// Jest Snapshot v1, https://goo.gl/fbAQLP

exports[`Create tests on Search component Make a snapshot test 1`] = `
<div
  className="searchElement"
  style={
    Object {
      "backgroundImage": "url(https://image.tmdb.org/t/p/w500/ndlQ2Cuc3cjTL7lTynw6I4boP4S.jpg",
    }
  }
>
  <div
    className="searchFooter"
  >
    <div
      className="titleAndGenresAndOverview"
    >
      <div
        className="headerandGenreList"
      >
        <h1
          data-testid="searchedTitle"
        >
          Suicide Squad
        </h1>
        <div
          className="searchedMovieGenreList"
        >
          <h2>
             
             
          </h2>
          <h2>
             
             
          </h2>
          <h2>
             
             
          </h2>
        </div>
      </div>
      <div
        className="searchedMovieOverview"
      >
        <p>
          From DC Comics comes the Suicide Squad, an antihero team of incarcerated supervillains who act as deniable assets for the United States government, undertaking high-risk black ops missions in exchange for commuted prison sentences.
        </p>
      </div>
    </div>
    <div
      className="searchedMovieExtraDetails"
    >
      <div
        className="searchedMovieRatings"
      >
        <svg
          fill="currentColor"
          height="1em"
          stroke="currentColor"
          strokeWidth="0"
          style={
            Object {
              "color": "rgb(27, 186, 235)",
            }
          }
          viewBox="0 0 576 512"
          width="1em"
          xmlns="http://www.w3.org/2000/svg"
        >
          <path
            d="M259.3 17.8L194 150.2 47.9 171.5c-26.2 3.8-36.7 36.1-17.7 54.6l105.7 103-25 145.5c-4.5 26.3 23.2 46 46.4 33.7L288 439.6l130.7 68.7c23.2 12.2 50.9-7.4 46.4-33.7l-25-145.5 105.7-103c19-18.5 8.5-50.8-17.7-54.6L382 150.2 316.7 17.8c-11.7-23.6-45.6-23.9-57.4 0z"
          />
        </svg>
        <svg
          fill="currentColor"
          height="1em"
          stroke="currentColor"
          strokeWidth="0"
          style={
            Object {
              "color": "rgb(27, 186, 235)",
            }
          }
          viewBox="0 0 576 512"
          width="1em"
          xmlns="http://www.w3.org/2000/svg"
        >
          <path
            d="M259.3 17.8L194 150.2 47.9 171.5c-26.2 3.8-36.7 36.1-17.7 54.6l105.7 103-25 145.5c-4.5 26.3 23.2 46 46.4 33.7L288 439.6l130.7 68.7c23.2 12.2 50.9-7.4 46.4-33.7l-25-145.5 105.7-103c19-18.5 8.5-50.8-17.7-54.6L382 150.2 316.7 17.8c-11.7-23.6-45.6-23.9-57.4 0z"
          />
        </svg>
        <svg
          fill="currentColor"
          height="1em"
          stroke="currentColor"
          strokeWidth="0"
          style={
            Object {
              "color": "rgb(27, 186, 235)",
            }
          }
          viewBox="0 0 576 512"
          width="1em"
          xmlns="http://www.w3.org/2000/svg"
        >
          <path
            d="M259.3 17.8L194 150.2 47.9 171.5c-26.2 3.8-36.7 36.1-17.7 54.6l105.7 103-25 145.5c-4.5 26.3 23.2 46 46.4 33.7L288 439.6l130.7 68.7c23.2 12.2 50.9-7.4 46.4-33.7l-25-145.5 105.7-103c19-18.5 8.5-50.8-17.7-54.6L382 150.2 316.7 17.8c-11.7-23.6-45.6-23.9-57.4 0z"
          />
        </svg>
        <svg
          fill="currentColor"
          height="1em"
          stroke="currentColor"
          strokeWidth="0"
          style={
            Object {
              "color": "rgb(27, 186, 235)",
            }
          }
          viewBox="0 0 576 512"
          width="1em"
          xmlns="http://www.w3.org/2000/svg"
        >
          <path
            d="M528.1 171.5L382 150.2 316.7 17.8c-11.7-23.6-45.6-23.9-57.4 0L194 150.2 47.9 171.5c-26.2 3.8-36.7 36.1-17.7 54.6l105.7 103-25 145.5c-4.5 26.3 23.2 46 46.4 33.7L288 439.6l130.7 68.7c23.2 12.2 50.9-7.4 46.4-33.7l-25-145.5 105.7-103c19-18.5 8.5-50.8-17.7-54.6zM388.6 312.3l23.7 138.4L288 385.4l-124.3 65.3 23.7-138.4-100.6-98 139-20.2 62.2-126 62.2 126 139 20.2-100.6 98z"
          />
        </svg>
        <svg
          fill="currentColor"
          height="1em"
          stroke="currentColor"
          strokeWidth="0"
          style={
            Object {
              "color": "rgb(27, 186, 235)",
            }
          }
          viewBox="0 0 576 512"
          width="1em"
          xmlns="http://www.w3.org/2000/svg"
        >
          <path
            d="M528.1 171.5L382 150.2 316.7 17.8c-11.7-23.6-45.6-23.9-57.4 0L194 150.2 47.9 171.5c-26.2 3.8-36.7 36.1-17.7 54.6l105.7 103-25 145.5c-4.5 26.3 23.2 46 46.4 33.7L288 439.6l130.7 68.7c23.2 12.2 50.9-7.4 46.4-33.7l-25-145.5 105.7-103c19-18.5 8.5-50.8-17.7-54.6zM388.6 312.3l23.7 138.4L288 385.4l-124.3 65.3 23.7-138.4-100.6-98 139-20.2 62.2-126 62.2 126 139 20.2-100.6 98z"
          />
        </svg>
        <div
          className="searchedMovieVoteAverage"
        >
          <p>
            5.91
          </p>
        </div>
      </div>
      <div
        className="searchedMovieExtraInfoButtons"
      >
        <div
          className="watchNowContainer"
        >
          <button
            id="297761"
            name="watchNowButton"
            onClick={[Function]}
            type="button"
          >
            Watch Now
          </button>
        </div>
        <div
          className="movieInfoButtons"
        >
          <button
            name="moreinfo"
            onClick={[Function]}
            type="button"
          >
            More Info
          </button>
        </div>
      </div>
    </div>
  </div>
</div>
`;
