// Jest Snapshot v1, https://goo.gl/fbAQLP

exports[`Create a snapshot test 1`] = `
<DocumentFragment>
  <div
    class="watchNowContainer"
  >
    <button
      id="550"
      name="watchNowButton"
      type="button"
    >
      Watch Now
    </button>
  </div>
</DocumentFragment>
`;
