// Jest Snapshot v1, https://goo.gl/fbAQLP

exports[`Create a snapshot test 1`] = `
<DocumentFragment>
  <div
    class="loader"
  >
    <span />
    <span />
    <span />
  </div>
</DocumentFragment>
`;
